I'm sorry, but errors were detected in your script. Please correct the
errors listed below, and try again.


File "game/gui.rpy", line 124: invalid syntax
    Borders(15,1 5, 15, 15)
                  ^

Ren'Py Version: Ren'Py 6.99.12.3.2123
